[preview.imithemes.com/real-spaces/index.html]
[backblue.gif]
[fade.gif]
[index.html]
[preview.imithemes.com/real-spaces/css/bootstrap.css]
[preview.imithemes.com/real-spaces/css/style.css]
[preview.imithemes.com/real-spaces/plugins/prettyphoto/css/prettyPhoto.css]
[preview.imithemes.com/real-spaces/plugins/owl-carousel/css/owl.carousel.css]
[preview.imithemes.com/real-spaces/plugins/owl-carousel/css/owl.theme.css]
[preview.imithemes.com/real-spaces/colors/color1.css]
[preview.imithemes.com/real-spaces/style-switcher/css/style-switcher.css]
[preview.imithemes.com/real-spaces/js/modernizr.js]
[preview.imithemes.com/real-spaces/my-properties.html]
[preview.imithemes.com/real-spaces/edit-agent-profile.html]
[preview.imithemes.com/real-spaces/images/logo.png]
[preview.imithemes.com/real-spaces/login.html]
[preview.imithemes.com/real-spaces/about.html]
[preview.imithemes.com/real-spaces/index1.html]
[preview.imithemes.com/real-spaces/agents.html]
[preview.imithemes.com/real-spaces/agent-detail.html]
[preview.imithemes.com/real-spaces/submit.html]
[preview.imithemes.com/real-spaces/404.html]
[preview.imithemes.com/real-spaces/pricing.html]
[preview.imithemes.com/real-spaces/simple-listing.html]
[preview.imithemes.com/real-spaces/listing-map.html]
[preview.imithemes.com/real-spaces/simple-listing-fw.html]
[preview.imithemes.com/real-spaces/grid-listing-fw.html]
[preview.imithemes.com/real-spaces/grid-map.html]
[preview.imithemes.com/real-spaces/property-type.html]
[preview.imithemes.com/real-spaces/grid-listing.html]
[preview.imithemes.com/real-spaces/property-detail.html]
[preview.imithemes.com/real-spaces/contract-type.html]
[preview.imithemes.com/real-spaces/typography.html]
[preview.imithemes.com/real-spaces/gallery-3cols.html]
[preview.imithemes.com/real-spaces/property-detail-fw.html]
[preview.imithemes.com/real-spaces/gallery-2cols.html]
[preview.imithemes.com/real-spaces/gallery-4cols.html]
[preview.imithemes.com/real-spaces/gallery-masonry.html]
[preview.imithemes.com/real-spaces/blog-thumbnails.html]
[preview.imithemes.com/real-spaces/blog-masonry.html]
[preview.imithemes.com/real-spaces/blog-post.html]
[preview.imithemes.com/real-spaces/blog-timeline.html]
[preview.imithemes.com/real-spaces/shortcodes.html]
[preview.imithemes.com/real-spaces/contact.html]
[preview.imithemes.com/real-spaces/images/slide2.jpg]
[preview.imithemes.com/real-spaces/images/agent-thumb1.jpg]
[preview.imithemes.com/real-spaces/images/slide1.jpg]
[preview.imithemes.com/real-spaces/images/agent-thumb2.jpg]
[preview.imithemes.com/real-spaces/images/search-anywhere.jpg]
[preview.imithemes.com/real-spaces/images/friendly-agents.jpg]
[preview.imithemes.com/real-spaces/images/buy-or-rent.jpg]
[preview.imithemes.com/real-spaces/images/property3.jpg]
[preview.imithemes.com/real-spaces/images/property5.jpg]
[preview.imithemes.com/real-spaces/images/property1.jpg]
[preview.imithemes.com/real-spaces/images/property8.jpg]
[preview.imithemes.com/real-spaces/images/property7.jpg]
[preview.imithemes.com/real-spaces/images/property6.jpg]
[preview.imithemes.com/real-spaces/images/agent1.jpg]
[preview.imithemes.com/real-spaces/images/client1.jpg]
[preview.imithemes.com/real-spaces/images/partner-1.png]
[preview.imithemes.com/real-spaces/images/partner-2.png]
[preview.imithemes.com/real-spaces/images/partner-3.png]
[preview.imithemes.com/real-spaces/images/partner-4.png]
[preview.imithemes.com/real-spaces/images/partner-5.png]
[preview.imithemes.com/real-spaces/plugins/prettyphoto/js/prettyphoto.js]
[preview.imithemes.com/real-spaces/plugins/owl-carousel/js/owl.carousel.min.js]
[preview.imithemes.com/real-spaces/plugins/flexslider/js/jquery.flexslider.js]
[preview.imithemes.com/real-spaces/js/jquery-2.0.0.min.js]
[preview.imithemes.com/real-spaces/js/bootstrap.js]
[preview.imithemes.com/real-spaces/js/waypoints.js]
[preview.imithemes.com/real-spaces/js/init.js]
[preview.imithemes.com/real-spaces/style-switcher/js/jquery_cookie.js]
[preview.imithemes.com/real-spaces/style-switcher/js/script.js]
[preview.imithemes.com/real-spaces/style-switcher/backgrounds/patterns/pt1.png]
[preview.imithemes.com/real-spaces/style-switcher/backgrounds/patterns/pt2.png]
[preview.imithemes.com/real-spaces/style-switcher/backgrounds/patterns/pt3.png]
[preview.imithemes.com/real-spaces/js/helper-plugins.js]
[preview.imithemes.com/real-spaces/style-switcher/backgrounds/patterns/pt4.png]
[preview.imithemes.com/real-spaces/style-switcher/backgrounds/patterns/pt5.png]
[preview.imithemes.com/real-spaces/style-switcher/backgrounds/patterns/pt6.png]
[preview.imithemes.com/real-spaces/style-switcher/backgrounds/patterns/pt7.png]
[preview.imithemes.com/real-spaces/style-switcher/backgrounds/patterns/pt8.png]
[preview.imithemes.com/real-spaces/style-switcher/backgrounds/patterns/pt9.png]
[preview.imithemes.com/real-spaces/style-switcher/backgrounds/patterns/pt10.png]
[preview.imithemes.com/real-spaces/style-switcher/backgrounds/patterns/pt11.jpg]
[preview.imithemes.com/real-spaces/style-switcher/backgrounds/patterns/pt12.jpg]
[preview.imithemes.com/real-spaces/style-switcher/backgrounds/patterns/pt13.jpg]
[preview.imithemes.com/real-spaces/style-switcher/backgrounds/patterns/pt14.jpg]
[preview.imithemes.com/real-spaces/style-switcher/backgrounds/patterns/pt15.jpg]
[preview.imithemes.com/real-spaces/style-switcher/backgrounds/images/img1-thumb.jpg]
[preview.imithemes.com/real-spaces/style-switcher/backgrounds/images/img2-thumb.jpg]
[preview.imithemes.com/real-spaces/style-switcher/backgrounds/images/img3-thumb.jpg]
[preview.imithemes.com/real-spaces/style-switcher/backgrounds/images/img4-thumb.jpg]
[preview.imithemes.com/real-spaces/style-switcher/backgrounds/images/img5-thumb.jpg]
[preview.imithemes.com/real-spaces/index.html]
[preview.imithemes.com/real-spaces/css/bootstrap.css]
[preview.imithemes.com/real-spaces/css/font-awesome.css]
[preview.imithemes.com/real-spaces/images/checkers.png]
[preview.imithemes.com/real-spaces/images/pattern.png]
[preview.imithemes.com/real-spaces/css/animations.css]
[preview.imithemes.com/real-spaces/images/loader.gif]
[preview.imithemes.com/real-spaces/css/style.css]
[preview.imithemes.com/real-spaces/plugins/prettyphoto/images/default/sprite.png]
[preview.imithemes.com/real-spaces/plugins/prettyphoto/images/default/sprite_x.png]
[preview.imithemes.com/real-spaces/plugins/prettyphoto/images/default/sprite_y.png]
[preview.imithemes.com/real-spaces/plugins/prettyphoto/images/default/sprite_next.png]
[preview.imithemes.com/real-spaces/plugins/prettyphoto/images/default/sprite_prev.png]
[preview.imithemes.com/real-spaces/plugins/prettyphoto/images/default/default_thumb.png]
[preview.imithemes.com/real-spaces/plugins/prettyphoto/images/default/loader.gif]
[preview.imithemes.com/real-spaces/plugins/prettyphoto/images/light_rounded/sprite.png]
[preview.imithemes.com/real-spaces/plugins/prettyphoto/images/light_rounded/btnNext.png]
[preview.imithemes.com/real-spaces/plugins/prettyphoto/images/light_rounded/btnPrevious.png]
[preview.imithemes.com/real-spaces/plugins/prettyphoto/images/dark_rounded/sprite.png]
[preview.imithemes.com/real-spaces/plugins/prettyphoto/images/dark_rounded/contentPattern.png]
[preview.imithemes.com/real-spaces/plugins/prettyphoto/images/dark_rounded/btnNext.png]
[preview.imithemes.com/real-spaces/plugins/prettyphoto/images/dark_rounded/btnPrevious.png]
[preview.imithemes.com/real-spaces/plugins/prettyphoto/images/dark_rounded/loader.gif]
[preview.imithemes.com/real-spaces/plugins/prettyphoto/images/dark_square/loader.gif]
[preview.imithemes.com/real-spaces/plugins/prettyphoto/images/dark_square/sprite.png]
[preview.imithemes.com/real-spaces/plugins/prettyphoto/images/dark_square/btnNext.png]
[preview.imithemes.com/real-spaces/plugins/prettyphoto/images/dark_square/btnPrevious.png]
[preview.imithemes.com/real-spaces/plugins/prettyphoto/images/light_square/sprite.png]
[preview.imithemes.com/real-spaces/plugins/prettyphoto/images/light_square/btnNext.png]
[preview.imithemes.com/real-spaces/plugins/prettyphoto/images/light_square/btnPrevious.png]
[preview.imithemes.com/real-spaces/plugins/prettyphoto/images/facebook/sprite.png]
[preview.imithemes.com/real-spaces/plugins/prettyphoto/images/facebook/contentPatternTop.png]
[preview.imithemes.com/real-spaces/plugins/prettyphoto/images/facebook/contentPatternLeft.png]
[preview.imithemes.com/real-spaces/plugins/prettyphoto/images/facebook/contentPatternRight.png]
[preview.imithemes.com/real-spaces/plugins/prettyphoto/images/facebook/loader.gif]
[preview.imithemes.com/real-spaces/plugins/prettyphoto/images/facebook/btnNext.png]
[preview.imithemes.com/real-spaces/plugins/prettyphoto/images/facebook/btnPrevious.png]
[preview.imithemes.com/real-spaces/plugins/prettyphoto/images/facebook/contentPatternBottom.png]
[preview.imithemes.com/real-spaces/plugins/prettyphoto/images/facebook/default_thumbnail.gif]
[preview.imithemes.com/real-spaces/plugins/prettyphoto/images/light_rounded/loader.gif]
[preview.imithemes.com/real-spaces/plugins/prettyphoto/css/prettyPhoto.css]
[preview.imithemes.com/real-spaces/plugins/owl-carousel/css/grabbing.png]
[preview.imithemes.com/real-spaces/plugins/owl-carousel/css/owl.carousel.css]
[preview.imithemes.com/real-spaces/plugins/owl-carousel/images/AjaxLoader.gif]
[preview.imithemes.com/real-spaces/plugins/owl-carousel/css/owl.theme.css]
[preview.imithemes.com/real-spaces/colors/color1.css]
[preview.imithemes.com/real-spaces/style-switcher/css/style-switcher.css]
[preview.imithemes.com/real-spaces/images/page-header1.jpg]
[preview.imithemes.com/real-spaces/images/property1-map.jpg]
[preview.imithemes.com/real-spaces/images/property2-map.jpg]
[preview.imithemes.com/real-spaces/images/property3-map.jpg]
[preview.imithemes.com/real-spaces/images/property4-map.jpg]
[preview.imithemes.com/real-spaces/images/property5-map.jpg]
[preview.imithemes.com/real-spaces/my-properties.html]
[preview.imithemes.com/real-spaces/submit.html]
[preview.imithemes.com/real-spaces/edit-agent-profile.html]
[preview.imithemes.com/real-spaces/login.html]
[preview.imithemes.com/real-spaces/index1.html]
[preview.imithemes.com/real-spaces/about.html]
[preview.imithemes.com/real-spaces/register.html]
[preview.imithemes.com/real-spaces/images/agent2.jpg]
[preview.imithemes.com/real-spaces/images/agent3.jpg]
[preview.imithemes.com/real-spaces/images/agent4.jpg]
[preview.imithemes.com/real-spaces/images/property2.jpg]
[preview.imithemes.com/real-spaces/agents.html]
[preview.imithemes.com/real-spaces/agent-detail.html]
[preview.imithemes.com/real-spaces/pricing.html]
[preview.imithemes.com/real-spaces/404.html]
[preview.imithemes.com/real-spaces/simple-listing.html]
[preview.imithemes.com/real-spaces/listing-map.html]
[preview.imithemes.com/real-spaces/simple-listing-fw.html]
[preview.imithemes.com/real-spaces/grid-listing.html]
[preview.imithemes.com/real-spaces/grid-map.html]
[preview.imithemes.com/real-spaces/grid-listing-fw.html]
[preview.imithemes.com/real-spaces/property-type.html]
[preview.imithemes.com/real-spaces/contract-type.html]
[preview.imithemes.com/real-spaces/property-detail.html]
[preview.imithemes.com/real-spaces/property-detail-fw.html]
[preview.imithemes.com/real-spaces/shortcodes.html]
[preview.imithemes.com/real-spaces/single-agent.8e.delayed]
[preview.imithemes.com/real-spaces/typography.html]
[preview.imithemes.com/real-spaces/gallery-2cols.html]
[preview.imithemes.com/real-spaces/gallery-3cols.html]
[preview.imithemes.com/real-spaces/gallery-4cols.html]
[preview.imithemes.com/real-spaces/images/masonry-image1.jpg]
[preview.imithemes.com/real-spaces/gallery-masonry.html]
[preview.imithemes.com/real-spaces/blog-masonry.html]
[preview.imithemes.com/real-spaces/blog-timeline.html]
[preview.imithemes.com/real-spaces/single-event.90.delayed]
[preview.imithemes.com/real-spaces/blog-thumbnails.html]
[preview.imithemes.com/real-spaces/images/property10.jpg]
[preview.imithemes.com/real-spaces/images/img_avatar.png]
[preview.imithemes.com/real-spaces/blog-post.html]
[preview.imithemes.com/real-spaces/contact.html]
[preview.imithemes.com/real-spaces/images/slide2.jpg]
[preview.imithemes.com/real-spaces/images/buy-or-rent.jpg]
[preview.imithemes.com/real-spaces/images/property4.jpg]
[preview.imithemes.com/real-spaces/css/fonts/fontawesome-webfonte0a5.eot]
[preview.imithemes.com/real-spaces/css/fonts/fontawesome-webfontd41d.eot]
[preview.imithemes.com/real-spaces/css/fonts/fontawesome-webfonte0a5.woff]
[preview.imithemes.com/real-spaces/css/fonts/fontawesome-webfonte0a5.ttf]
[preview.imithemes.com/real-spaces/css/fonts/fontawesome-webfonte0a5.woff2]
[preview.imithemes.com/real-spaces/css/font-awesome.css]
[preview.imithemes.com/real-spaces/css/animations.css]
[preview.imithemes.com/real-spaces/plugins/owl-carousel/css/grabbing.html]
[preview.imithemes.com/real-spaces/plugins/owl-carousel/images/AjaxLoader.html]
[preview.imithemes.com/real-spaces/register.html]
[preview.imithemes.com/real-spaces/single-agent.html]
[preview.imithemes.com/real-spaces/single-event.html]
[preview.imithemes.com/real-spaces/css/fonts/fontawesome-webfonte0a5.svg]
